{"nombre": "angel", "telefono":"987654321"}
{"nombre": "julio", "telefono":"123456789"}
{"nombre": "álvaro", "telefono":"123456789"}
{"nombre": "alicia", "telefono":"123456789"}
{"nombre": "francisco", "telefono":"123456789"}
{"nombre": "nuria", "telefono":"123456789"}
{"nombre": "josé", "telefono":"123456789"}
