En
un
de
la
de
no
no
ha
que
un
de
los
de
en
y
Una
de
más
que
las
más
y
los
los
de
los
las
de
su
El
de
de
las
con
sus
de
lo
los
de
se
con
su
de
lo
más
en
su
una
ama
que
de
los
y
una
que
no
a
los
y
un
de
y
que
así
el
la
la
de
con
los
era
de
de
de
y
de
la
que
el
de
o
en
hay
en
los
que
por
se
que
se
a
que
en
la
dél
no
se
un
de
la
